exports[`Testing About component renders About using Snapshots 1`] = `
<Card
  expandable={false}
  expanded={null}
  initiallyExpanded={false}
  style={
    Object {
      "margin": "1em 0 0 0",
    }
  }>
  <CardTitle
    subtitle="Learnig redux"
    title="Contacts App" />
  <CardText>
    This is a example app using redux.
  </CardText>
</Card>
`;
