exports[`Testing ContactForm component renders ContactForm using Snapshots 1`] = `
<div>
  <form
    onSubmit={[Function]}
    style={
      Object {
        "alignItems": "center",
        "display": "flex",
        "flex": "0 0 auto",
        "flexDirection": "column",
      }
    }>
    <TextField
      label="Name"
      name="name"
      onBlur={[Function]}
      onChange={[Function]}
      onEnterKeyDown={[Function]}
      placeholder="Name"
      value="Tester" />
    <TextField
      label="Email"
      name="email"
      onBlur={[Function]}
      onChange={[Function]}
      onEnterKeyDown={[Function]}
      placeholder="Email"
      value="test@test.com" />
    <TextField
      label="Phone number"
      name="phoneNumber"
      onBlur={[Function]}
      onChange={[Function]}
      onEnterKeyDown={[Function]}
      placeholder="Phone number"
      value="666666666" />
    <TextField
      label="Profile image url"
      name="imgUrl"
      onBlur={[Function]}
      onChange={[Function]}
      onEnterKeyDown={[Function]}
      placeholder="Profile image url"
      value="http://www.test.image.com" />
    <RaisedButton
      disabled={true}
      fullWidth={false}
      label="Save contact"
      labelPosition="after"
      onClick={[Function]}
      onTouchEnd={[Function]}
      primary={true}
      secondary={false}
      style={
        Object {
          "margin": "2em 0 0 0",
        }
      } />
  </form>
</div>
`;
